Copyright 1986-2022 Xilinx, Inc. All Rights Reserved. Copyright 2022-2024 Advanced Micro Devices, Inc. All Rights Reserved.
---------------------------------------------------------------------------------------------------------------------------------------------
| Tool Version : Vivado v.2024.2 (win64) Build 5239630 Fri Nov 08 22:35:27 MST 2024
| Date         : Thu Jun  5 14:58:31 2025
| Host         : Voghy running 64-bit major release  (build 9200)
| Command      : report_control_sets -verbose -file mips_control_sets_placed.rpt
| Design       : mips
| Device       : xc7z010
---------------------------------------------------------------------------------------------------------------------------------------------

Control Set Information

Table of Contents
-----------------
1. Summary
2. Histogram
3. Flip-Flop Distribution
4. Detailed Control Set Information

1. Summary
----------

+----------------------------------------------------------+-------+
|                          Status                          | Count |
+----------------------------------------------------------+-------+
| Total control sets                                       |   107 |
|    Minimum number of control sets                        |   107 |
|    Addition due to synthesis replication                 |     0 |
|    Addition due to physical synthesis replication        |     0 |
| Unused register locations in slices containing registers |   349 |
+----------------------------------------------------------+-------+
* Control sets can be merged at opt_design using control_set_merge or merge_equivalent_drivers
** Run report_qor_suggestions for automated merging and remapping suggestions


2. Histogram
------------

+--------------------+-------+
|       Fanout       | Count |
+--------------------+-------+
| Total control sets |   107 |
| >= 0 to < 4        |     2 |
| >= 4 to < 6        |     5 |
| >= 6 to < 8        |     8 |
| >= 8 to < 10       |    10 |
| >= 10 to < 12      |     2 |
| >= 12 to < 14      |    64 |
| >= 14 to < 16      |     1 |
| >= 16              |    15 |
+--------------------+-------+
* Control sets can be remapped at either synth_design or opt_design


3. Flip-Flop Distribution
-------------------------

+--------------+-----------------------+------------------------+-----------------+--------------+
| Clock Enable | Synchronous Set/Reset | Asynchronous Set/Reset | Total Registers | Total Slices |
+--------------+-----------------------+------------------------+-----------------+--------------+
| No           | No                    | No                     |              89 |           41 |
| No           | No                    | Yes                    |               0 |            0 |
| No           | Yes                   | No                     |              84 |           48 |
| Yes          | No                    | No                     |             134 |           65 |
| Yes          | No                    | Yes                    |               0 |            0 |
| Yes          | Yes                   | No                     |             888 |          489 |
+--------------+-----------------------+------------------------+-----------------+--------------+


4. Detailed Control Set Information
-----------------------------------

+-----------------------------+---------------------------------------------------------------------+---------------------------------------------------------------------+------------------+----------------+--------------+
|         Clock Signal        |                            Enable Signal                            |                           Set/Reset Signal                          | Slice Load Count | Bel Load Count | Bels / Slice |
+-----------------------------+---------------------------------------------------------------------+---------------------------------------------------------------------+------------------+----------------+--------------+
|  clk_IBUF_BUFG              |                                                                     | Inst_md_io/Inst_VGA/sync_unit/frame_unit/vsync_reg0                 |                1 |              1 |         1.00 |
|  clk_IBUF_BUFG              |                                                                     | Inst_md_io/Inst_VGA/sync_unit/frame_unit/hsync_reg0                 |                1 |              1 |         1.00 |
|  inst_divisor/inst/clk50mhz |                                                                     | inst_prog/Inst_control_prog/SR[0]                                   |                2 |              4 |         2.00 |
|  inst_divisor/inst/clk50mhz | Inst_mi/E[0]                                                        | inst_prog/Inst_control_prog/reset                                   |                1 |              4 |         4.00 |
|  inst_divisor/inst/clk50mhz | inst_prog/inst_uart_rx/hab_cont_bits                                | inst_prog/inst_uart_rx/cera_cont_bits                               |                2 |              4 |         2.00 |
|  inst_divisor/inst/clk50mhz | inst_prog/inst_uart_tx/cont_bits[3]_i_2_n_0                         | inst_prog/inst_uart_tx/cera_cont_bits                               |                2 |              4 |         2.00 |
|  clk_IBUF_BUFG              |                                                                     | Inst_md_io/Inst_VGA/sync_unit/frame_unit/vc_reg_reg[9]_rep_0        |                4 |              5 |         1.25 |
|  clk_IBUF_BUFG              | Inst_md_io/Inst_VGA/colaY[34][5]_i_2_n_0                            | Inst_md_io/Inst_VGA/colaX[34][5]_i_1_n_0                            |                4 |              6 |         1.50 |
|  clk_IBUF_BUFG              | Inst_md_io/Inst_VGA/cola_len_int[6]_i_2_n_0                         | Inst_md_io/Inst_VGA/cola_len_int[6]_i_1_n_0                         |                3 |              6 |         2.00 |
|  clk_IBUF_BUFG              | Inst_md_io/Inst_VGA/colaY[34][5]_i_2_n_0                            | Inst_md_io/Inst_VGA/colaY[34][5]_i_1_n_0                            |                4 |              6 |         1.50 |
|  clk_IBUF_BUFG              | Inst_md_io/Inst_VGA/colaY[32][5]_i_2_n_0                            | Inst_md_io/Inst_VGA/colaX[32][5]_i_1_n_0                            |                3 |              6 |         2.00 |
|  clk_IBUF_BUFG              | Inst_md_io/Inst_VGA/colaY[32][5]_i_2_n_0                            | Inst_md_io/Inst_VGA/colaY[32][5]_i_1_n_0                            |                2 |              6 |         3.00 |
|  inst_divisor/inst/clk50mhz | Inst_mi/head_y                                                      | Inst_mi/salida[3]_i_7_0                                             |                4 |              6 |         1.50 |
|  inst_divisor/inst/clk50mhz | Inst_mi/head_x                                                      | Inst_mi/salida[3]_i_7_1                                             |                5 |              6 |         1.20 |
|  inst_divisor/inst/clk50mhz | inst_prog/Inst_control_prog/FSM_onehot_state[21]_i_1_n_0            | inst_prog/Inst_control_prog/FSM_onehot_state[16]_i_1_n_0            |                3 |              7 |         2.33 |
|  inst_divisor/inst/clk50mhz | inst_prog/inst_uart_tx/s_reg[7]_i_1__0_n_0                          |                                                                     |                2 |              8 |         4.00 |
|  inst_divisor/inst/clk50mhz |                                                                     |                                                                     |                7 |              8 |         1.14 |
|  inst_divisor/inst/clk50mhz | Inst_mi/cola_len_reg                                                | Inst_mi/salida[3]_i_7                                               |                3 |              8 |         2.67 |
|  inst_divisor/inst/clk50mhz | inst_prog/Inst_control_prog/pal[3]_3                                |                                                                     |                2 |              8 |         4.00 |
|  inst_divisor/inst/clk50mhz | inst_prog/Inst_control_prog/pal[0]_2                                |                                                                     |                3 |              8 |         2.67 |
|  inst_divisor/inst/clk50mhz | inst_prog/Inst_control_prog/pal[1]_1                                |                                                                     |                3 |              8 |         2.67 |
|  inst_divisor/inst/clk50mhz | inst_prog/Inst_control_prog/pal[2]_0                                |                                                                     |                3 |              8 |         2.67 |
|  inst_divisor/inst/clk50mhz | inst_prog/Inst_control_prog/p_0_in[8]                               |                                                                     |                2 |              8 |         4.00 |
|  inst_divisor/inst/clk50mhz | inst_prog/Inst_control_prog/p_0_in[0]                               |                                                                     |                2 |              8 |         4.00 |
|  inst_divisor/inst/clk50mhz | inst_prog/inst_uart_rx/hab_cont_bits                                | inst_prog/Inst_control_prog/SR[0]                                   |                2 |              8 |         4.00 |
|  inst_divisor/inst/clk50mhz |                                                                     | inst_prog/inst_uart_rx/cont_ciclos[10]_i_1_n_0                      |                3 |             10 |         3.33 |
|  inst_divisor/inst/clk50mhz |                                                                     | inst_prog/inst_uart_tx/cont_ciclos[10]_i_1__0_n_0                   |                3 |             10 |         3.33 |
|  clk_IBUF_BUFG              | Inst_md_io/Inst_VGA/colaY[25][5]_i_2_n_0                            | Inst_md_io/Inst_VGA/colaY[25][5]_i_1_n_0                            |                8 |             12 |         1.50 |
|  clk_IBUF_BUFG              | Inst_md_io/Inst_VGA/colaY[27][5]_i_2_n_0                            | Inst_md_io/Inst_VGA/colaY[27][5]_i_1_n_0                            |                8 |             12 |         1.50 |
|  clk_IBUF_BUFG              | Inst_md_io/Inst_VGA/colaY[1][5]_i_2_n_0                             | Inst_md_io/Inst_VGA/colaY[1][5]_i_1_n_0                             |                9 |             12 |         1.33 |
|  clk_IBUF_BUFG              | Inst_md_io/Inst_VGA/colaY[21][5]_i_2_n_0                            | Inst_md_io/Inst_VGA/colaY[21][5]_i_1_n_0                            |                3 |             12 |         4.00 |
|  clk_IBUF_BUFG              | Inst_md_io/Inst_VGA/colaY[29][5]_i_2_n_0                            | Inst_md_io/Inst_VGA/colaY[29][5]_i_1_n_0                            |                9 |             12 |         1.33 |
|  clk_IBUF_BUFG              | Inst_md_io/Inst_VGA/colaY[37][5]_i_2_n_0                            | Inst_md_io/Inst_VGA/colaY[37][5]_i_1_n_0                            |                6 |             12 |         2.00 |
|  clk_IBUF_BUFG              | Inst_md_io/Inst_VGA/colaY[35][5]_i_2_n_0                            | Inst_md_io/Inst_VGA/colaY[35][5]_i_1_n_0                            |                6 |             12 |         2.00 |
|  clk_IBUF_BUFG              | Inst_md_io/Inst_VGA/colaY[31][5]_i_2_n_0                            | Inst_md_io/Inst_VGA/colaY[31][5]_i_1_n_0                            |               10 |             12 |         1.20 |
|  clk_IBUF_BUFG              | Inst_md_io/Inst_VGA/colaY[2][5]_i_2_n_0                             | Inst_md_io/Inst_VGA/colaY[2][5]_i_1_n_0                             |                7 |             12 |         1.71 |
|  clk_IBUF_BUFG              | Inst_md_io/Inst_VGA/colaY[30][5]_i_2_n_0                            | Inst_md_io/Inst_VGA/colaY[30][5]_i_1_n_0                            |               10 |             12 |         1.20 |
|  clk_IBUF_BUFG              | Inst_md_io/Inst_VGA/colaY[36][5]_i_2_n_0                            | Inst_md_io/Inst_VGA/colaY[36][5]_i_1_n_0                            |                9 |             12 |         1.33 |
|  clk_IBUF_BUFG              | Inst_md_io/Inst_VGA/colaY[33][5]_i_2_n_0                            | Inst_md_io/Inst_VGA/colaY[33][5]_i_1_n_0                            |                7 |             12 |         1.71 |
|  clk_IBUF_BUFG              | Inst_md_io/Inst_VGA/colaY[43][5]_i_2_n_0                            | Inst_md_io/Inst_VGA/colaY[43][5]_i_1_n_0                            |               11 |             12 |         1.09 |
|  clk_IBUF_BUFG              | Inst_md_io/Inst_VGA/colaY[49][5]_i_2_n_0                            | Inst_md_io/Inst_VGA/colaY[49][5]_i_1_n_0                            |                6 |             12 |         2.00 |
|  clk_IBUF_BUFG              | Inst_md_io/Inst_VGA/colaY[3][5]_i_2_n_0                             | Inst_md_io/Inst_VGA/colaY[3][5]_i_1_n_0                             |                8 |             12 |         1.50 |
|  clk_IBUF_BUFG              | Inst_md_io/Inst_VGA/colaY[39][5]_i_2_n_0                            | Inst_md_io/Inst_VGA/colaY[39][5]_i_1_n_0                            |                5 |             12 |         2.40 |
|  clk_IBUF_BUFG              | Inst_md_io/Inst_VGA/colaY[40][5]_i_2_n_0                            | Inst_md_io/Inst_VGA/colaY[40][5]_i_1_n_0                            |                8 |             12 |         1.50 |
|  clk_IBUF_BUFG              | Inst_md_io/Inst_VGA/colaY[46][5]_i_2_n_0                            | Inst_md_io/Inst_VGA/colaY[46][5]_i_1_n_0                            |                7 |             12 |         1.71 |
|  clk_IBUF_BUFG              | Inst_md_io/Inst_VGA/colaY[41][5]_i_2_n_0                            | Inst_md_io/Inst_VGA/colaY[41][5]_i_1_n_0                            |                6 |             12 |         2.00 |
|  clk_IBUF_BUFG              | Inst_md_io/Inst_VGA/colaY[45][5]_i_2_n_0                            | Inst_md_io/Inst_VGA/colaY[45][5]_i_1_n_0                            |                8 |             12 |         1.50 |
|  clk_IBUF_BUFG              | Inst_md_io/Inst_VGA/colaY[47][5]_i_2_n_0                            | Inst_md_io/Inst_VGA/colaY[47][5]_i_1_n_0                            |                8 |             12 |         1.50 |
|  clk_IBUF_BUFG              | Inst_md_io/Inst_VGA/colaY[42][5]_i_2_n_0                            | Inst_md_io/Inst_VGA/colaY[42][5]_i_1_n_0                            |                7 |             12 |         1.71 |
|  clk_IBUF_BUFG              | Inst_md_io/Inst_VGA/colaY[44][5]_i_2_n_0                            | Inst_md_io/Inst_VGA/colaY[44][5]_i_1_n_0                            |                9 |             12 |         1.33 |
|  clk_IBUF_BUFG              | Inst_md_io/Inst_VGA/colaY[48][5]_i_2_n_0                            | Inst_md_io/Inst_VGA/colaY[48][5]_i_1_n_0                            |                8 |             12 |         1.50 |
|  clk_IBUF_BUFG              | Inst_md_io/Inst_VGA/colaY[38][5]_i_2_n_0                            | Inst_md_io/Inst_VGA/colaY[38][5]_i_1_n_0                            |                9 |             12 |         1.33 |
|  clk_IBUF_BUFG              | Inst_md_io/Inst_VGA/colaY[59][5]_i_2_n_0                            | Inst_md_io/Inst_VGA/colaY[59][5]_i_1_n_0                            |                8 |             12 |         1.50 |
|  clk_IBUF_BUFG              | Inst_md_io/Inst_VGA/colaY[28][5]_i_2_n_0                            | Inst_md_io/Inst_VGA/colaY[28][5]_i_1_n_0                            |                6 |             12 |         2.00 |
|  clk_IBUF_BUFG              | Inst_md_io/Inst_VGA/colaY[55][5]_i_2_n_0                            | Inst_md_io/Inst_VGA/colaY[55][5]_i_1_n_0                            |                6 |             12 |         2.00 |
|  clk_IBUF_BUFG              | Inst_md_io/Inst_VGA/colaY[50][5]_i_2_n_0                            | Inst_md_io/Inst_VGA/colaY[50][5]_i_1_n_0                            |                8 |             12 |         1.50 |
|  clk_IBUF_BUFG              | Inst_md_io/Inst_VGA/colaY[58][5]_i_2_n_0                            | Inst_md_io/Inst_VGA/colaY[58][5]_i_1_n_0                            |                5 |             12 |         2.40 |
|  clk_IBUF_BUFG              | Inst_md_io/Inst_VGA/colaY[56][5]_i_2_n_0                            | Inst_md_io/Inst_VGA/colaY[56][5]_i_1_n_0                            |                7 |             12 |         1.71 |
|  clk_IBUF_BUFG              | Inst_md_io/Inst_VGA/colaY[52][5]_i_2_n_0                            | Inst_md_io/Inst_VGA/colaY[52][5]_i_1_n_0                            |                7 |             12 |         1.71 |
|  clk_IBUF_BUFG              | Inst_md_io/Inst_VGA/colaY[61][5]_i_2_n_0                            | Inst_md_io/Inst_VGA/colaY[61][5]_i_1_n_0                            |                5 |             12 |         2.40 |
|  clk_IBUF_BUFG              | Inst_md_io/Inst_VGA/colaY[57][5]_i_2_n_0                            | Inst_md_io/Inst_VGA/colaY[57][5]_i_1_n_0                            |                6 |             12 |         2.00 |
|  clk_IBUF_BUFG              | Inst_md_io/Inst_VGA/colaY[62][5]_i_2_n_0                            | Inst_md_io/Inst_VGA/colaY[62][5]_i_1_n_0                            |                9 |             12 |         1.33 |
|  clk_IBUF_BUFG              | Inst_md_io/Inst_VGA/colaY[54][5]_i_2_n_0                            | Inst_md_io/Inst_VGA/colaY[54][5]_i_1_n_0                            |                7 |             12 |         1.71 |
|  clk_IBUF_BUFG              | Inst_md_io/Inst_VGA/colaY[60][5]_i_2_n_0                            | Inst_md_io/Inst_VGA/colaY[60][5]_i_1_n_0                            |                5 |             12 |         2.40 |
|  clk_IBUF_BUFG              | Inst_md_io/Inst_VGA/colaY[51][5]_i_2_n_0                            | Inst_md_io/Inst_VGA/colaY[51][5]_i_1_n_0                            |                4 |             12 |         3.00 |
|  clk_IBUF_BUFG              | Inst_md_io/Inst_VGA/colaY[53][5]_i_2_n_0                            | Inst_md_io/Inst_VGA/colaY[53][5]_i_1_n_0                            |                6 |             12 |         2.00 |
|  clk_IBUF_BUFG              | Inst_md_io/Inst_VGA/colaY[5][5]_i_2_n_0                             | Inst_md_io/Inst_VGA/colaY[5][5]_i_1_n_0                             |                4 |             12 |         3.00 |
|  clk_IBUF_BUFG              | Inst_md_io/Inst_VGA/colaY[6][5]_i_2_n_0                             | Inst_md_io/Inst_VGA/colaY[6][5]_i_1_n_0                             |                6 |             12 |         2.00 |
|  clk_IBUF_BUFG              | Inst_md_io/Inst_VGA/colaY[9][5]_i_2_n_0                             | Inst_md_io/Inst_VGA/colaY[9][5]_i_1_n_0                             |                4 |             12 |         3.00 |
|  clk_IBUF_BUFG              | Inst_md_io/Inst_VGA/colaY[7][5]_i_2_n_0                             | Inst_md_io/Inst_VGA/colaY[7][5]_i_1_n_0                             |                5 |             12 |         2.40 |
|  clk_IBUF_BUFG              | Inst_md_io/Inst_VGA/colaY[8][5]_i_2_n_0                             | Inst_md_io/Inst_VGA/colaY[8][5]_i_1_n_0                             |                6 |             12 |         2.00 |
|  clk_IBUF_BUFG              | Inst_md_io/Inst_VGA/colaY[63][5]_i_2_n_0                            | Inst_md_io/Inst_VGA/colaY[63][5]_i_1_n_0                            |                9 |             12 |         1.33 |
|  clk_IBUF_BUFG              | Inst_md_io/Inst_VGA/colaY[17][5]_i_2_n_0                            | Inst_md_io/Inst_VGA/colaY[17][5]_i_1_n_0                            |                6 |             12 |         2.00 |
|  clk_IBUF_BUFG              | Inst_md_io/Inst_VGA/rand_x_unit/FSM_sequential_fruit_state_reg[0]_1 | Inst_md_io/Inst_VGA/rand_x_unit/FSM_sequential_fruit_state_reg[0]_2 |                8 |             12 |         1.50 |
|  clk_IBUF_BUFG              | Inst_md_io/Inst_VGA/rand_y_unit/E[0]                                |                                                                     |                6 |             12 |         2.00 |
|  clk_IBUF_BUFG              | Inst_md_io/Inst_VGA/colaY[0][5]_i_2_n_0                             | Inst_md_io/Inst_VGA/colaY[0][5]_i_1_n_0                             |                8 |             12 |         1.50 |
|  clk_IBUF_BUFG              | Inst_md_io/Inst_VGA/colaY[13][5]_i_2_n_0                            | Inst_md_io/Inst_VGA/colaY[13][5]_i_1_n_0                            |                7 |             12 |         1.71 |
|  clk_IBUF_BUFG              | Inst_md_io/Inst_VGA/colaY[11][5]_i_2_n_0                            | Inst_md_io/Inst_VGA/colaY[11][5]_i_1_n_0                            |                7 |             12 |         1.71 |
|  clk_IBUF_BUFG              | Inst_md_io/Inst_VGA/colaY[12][5]_i_2_n_0                            | Inst_md_io/Inst_VGA/colaY[12][5]_i_1_n_0                            |                4 |             12 |         3.00 |
|  clk_IBUF_BUFG              | Inst_md_io/Inst_VGA/colaY[14][5]_i_2_n_0                            | Inst_md_io/Inst_VGA/colaY[14][5]_i_1_n_0                            |                5 |             12 |         2.40 |
|  clk_IBUF_BUFG              | Inst_md_io/Inst_VGA/colaY[10][5]_i_2_n_0                            | Inst_md_io/Inst_VGA/colaY[10][5]_i_1_n_0                            |                7 |             12 |         1.71 |
|  clk_IBUF_BUFG              | Inst_md_io/Inst_VGA/colaY[4][5]_i_2_n_0                             | Inst_md_io/Inst_VGA/colaY[4][5]_i_1_n_0                             |                5 |             12 |         2.40 |
|  clk_IBUF_BUFG              | Inst_md_io/Inst_VGA/colaY[18][5]_i_2_n_0                            | Inst_md_io/Inst_VGA/colaY[18][5]_i_1_n_0                            |                5 |             12 |         2.40 |
|  clk_IBUF_BUFG              | Inst_md_io/Inst_VGA/colaY[22][5]_i_2_n_0                            | Inst_md_io/Inst_VGA/colaY[22][5]_i_1_n_0                            |                6 |             12 |         2.00 |
|  clk_IBUF_BUFG              | Inst_md_io/Inst_VGA/colaY[20][5]_i_2_n_0                            | Inst_md_io/Inst_VGA/colaY[20][5]_i_1_n_0                            |                7 |             12 |         1.71 |
|  clk_IBUF_BUFG              | Inst_md_io/Inst_VGA/colaY[16][5]_i_2_n_0                            | Inst_md_io/Inst_VGA/colaY[16][5]_i_1_n_0                            |                7 |             12 |         1.71 |
|  clk_IBUF_BUFG              | Inst_md_io/Inst_VGA/colaY[23][5]_i_2_n_0                            | Inst_md_io/Inst_VGA/colaY[23][5]_i_1_n_0                            |                9 |             12 |         1.33 |
|  clk_IBUF_BUFG              | Inst_md_io/Inst_VGA/colaY[24][5]_i_2_n_0                            | Inst_md_io/Inst_VGA/colaY[24][5]_i_1_n_0                            |                7 |             12 |         1.71 |
|  clk_IBUF_BUFG              | Inst_md_io/Inst_VGA/colaY[19][5]_i_2_n_0                            | Inst_md_io/Inst_VGA/colaY[19][5]_i_1_n_0                            |               11 |             12 |         1.09 |
|  clk_IBUF_BUFG              | Inst_md_io/Inst_VGA/colaY[15][5]_i_2_n_0                            | Inst_md_io/Inst_VGA/colaY[15][5]_i_1_n_0                            |                6 |             12 |         2.00 |
|  clk_IBUF_BUFG              | Inst_md_io/Inst_VGA/colaY[26][5]_i_2_n_0                            | Inst_md_io/Inst_VGA/colaY[26][5]_i_1_n_0                            |                4 |             12 |         3.00 |
|  inst_divisor/inst/clk50mhz | inst_prog/Inst_control_prog/FSM_onehot_state[21]_i_1_n_0            |                                                                     |                5 |             15 |         3.00 |
|  inst_divisor/inst/clk50mhz | Inst_mi/mem11                                                       |                                                                     |                4 |             16 |         4.00 |
|  inst_divisor/inst/clk50mhz | Inst_mi/mem00                                                       |                                                                     |                4 |             16 |         4.00 |
|  inst_divisor/inst/clk50mhz | Inst_mi/mem10                                                       |                                                                     |                4 |             16 |         4.00 |
|  inst_divisor/inst/clk50mhz | Inst_mi/mem01                                                       |                                                                     |                4 |             16 |         4.00 |
|  inst_divisor/inst/clk50mhz | Inst_md_io/clk_div                                                  | Inst_mi/clk_div0                                                    |                6 |             22 |         3.67 |
|  clk_IBUF_BUFG              | Inst_md_io/Inst_VGA/sync_unit/frame_unit/vc_reg0                    |                                                                     |               18 |             25 |         1.39 |
|  clk_IBUF_BUFG              | Inst_md_io/Inst_VGA/sync_unit/frame_unit/tick_25M                   |                                                                     |               19 |             26 |         1.37 |
|  inst_divisor/inst/clk50mhz | inst_prog/Inst_control_prog/incDirMI                                | inst_prog/Inst_control_prog/rstDirMI                                |               11 |             33 |         3.00 |
|  inst_divisor/inst/clk50mhz |                                                                     | inst_prog/Inst_control_prog/reset                                   |               34 |             53 |         1.56 |
|  clk_IBUF_BUFG              |                                                                     |                                                                     |               34 |             81 |         2.38 |
|  inst_divisor/inst/clk50mhz | Inst_mi/p_0_in                                                      |                                                                     |               11 |             88 |         8.00 |
|  inst_divisor/inst/clk50mhz | inst_prog/Inst_control_prog/FSM_onehot_state_reg[10]_1              |                                                                     |               32 |            128 |         4.00 |
|  inst_divisor/inst/clk50mhz | inst_prog/Inst_control_prog/dirMIreg_reg[8]_1                       |                                                                     |               32 |            128 |         4.00 |
|  inst_divisor/inst/clk50mhz | inst_prog/Inst_control_prog/dirMIreg_reg[7]_0                       |                                                                     |               32 |            128 |         4.00 |
|  inst_divisor/inst/clk50mhz | inst_prog/Inst_control_prog/FSM_onehot_state_reg[10]_2              |                                                                     |               32 |            128 |         4.00 |
+-----------------------------+---------------------------------------------------------------------+---------------------------------------------------------------------+------------------+----------------+--------------+


